[debug] [2026-09-04T13:27:35.330Z] ----------------------------------------------------------------------
[debug] [2026-09-04T13:27:35.334Z] Command:       C:\Program Files\nodejs\node.exe C:\Program Files\nodejs\node_modules\firebase-tools\lib\bin\firebase.js projects:create hojuzatcom-app-2026 --json
[debug] [2026-09-04T13:27:35.334Z] CLI Version:   15.29.0
[debug] [2026-09-04T13:27:35.334Z] Platform:      win32
[debug] [2026-09-04T13:27:35.334Z] Node Version:  v26.8.1
[debug] [2026-09-04T13:27:35.334Z] Detected Agent: unknown
[debug] [2026-09-04T13:27:35.334Z] Time:          Fri Sep 04 2026 17:27:35 GMT+0400 (توقيت الخليج)
[debug] [2026-09-04T13:27:35.335Z] ----------------------------------------------------------------------
[debug] 
[debug] [2026-09-04T13:27:35.344Z] > command requires scopes: ["email","openid","https://www.googleapis.com/auth/cloudplatformprojects.readonly","https://www.googleapis.com/auth/firebase","https://www.googleapis.com/auth/cloud-platform"]
[debug] [2026-09-04T13:27:35.344Z] > authorizing via signed-in user (jalalalbaddi@gmail.com)
[debug] [2026-09-04T13:27:35.368Z] Checked if tokens are valid: true, expires at: 1788531441595
[debug] [2026-09-04T13:27:35.369Z] Checked if tokens are valid: true, expires at: 1788531441595
[debug] [2026-09-04T13:27:35.370Z] >>> [apiv2][query] POST https://cloudresourcemanager.googleapis.com/v1/projects [none]
[debug] [2026-09-04T13:27:35.371Z] >>> [apiv2][body] POST https://cloudresourcemanager.googleapis.com/v1/projects {"projectId":"hojuzatcom-app-2026","name":"hojuzatcom-app-2026"}
[debug] [2026-09-04T13:27:37.271Z] <<< [apiv2][status] POST https://cloudresourcemanager.googleapis.com/v1/projects 200
[debug] [2026-09-04T13:27:37.272Z] <<< [apiv2][body] POST https://cloudresourcemanager.googleapis.com/v1/projects {"name":"operations/create_project.global.8456505503698834255"}
[debug] [2026-09-04T13:27:37.275Z] Checked if tokens are valid: true, expires at: 1788531441595
[debug] [2026-09-04T13:27:37.275Z] Checked if tokens are valid: true, expires at: 1788531441595
[debug] [2026-09-04T13:27:37.276Z] >>> [apiv2][query] GET https://cloudresourcemanager.googleapis.com/v1/operations/create_project.global.8456505503698834255 [none]
[debug] [2026-09-04T13:27:38.042Z] <<< [apiv2][status] GET https://cloudresourcemanager.googleapis.com/v1/operations/create_project.global.8456505503698834255 200
[debug] [2026-09-04T13:27:38.042Z] <<< [apiv2][body] GET https://cloudresourcemanager.googleapis.com/v1/operations/create_project.global.8456505503698834255 {"name":"operations/create_project.global.8456505503698834255","metadata":{"@type":"type.googleapis.com/google.cloudresourcemanager.v1.ProjectCreationStatus","ready":true},"done":true,"error":{"code":9,"message":"Callers must accept Terms of Service","details":[{"@type":"type.googleapis.com/google.rpc.PreconditionFailure","violations":[{"type":"TOS","subject":"cloud","description":"Callers must accept Terms of Service"}]}]}}
[debug] [2026-09-04T13:27:38.170Z] FirebaseError: Callers must accept Terms of Service
    at OperationPoller.poll (C:\Users\TSS\CONFIG~1\herd\bin\nvm\v26.8.1\node_modules\firebase-tools\lib\operation-poller.js:25:19)
    at process.processTicksAndRejections (node:internal/process/task_queues:104:5)
    at async createCloudProject (C:\Users\TSS\CONFIG~1\herd\bin\nvm\v26.8.1\node_modules\firebase-tools\lib\management\projects.js:237:29)
    at async createFirebaseProjectAndLog (C:\Users\TSS\CONFIG~1\herd\bin\nvm\v26.8.1\node_modules\firebase-tools\lib\management\projects.js:102:9)
    at async C:\Users\TSS\CONFIG~1\herd\bin\nvm\v26.8.1\node_modules\firebase-tools\lib\command.js:280:28
[error] 
[error] Error: Failed to create project. See firebase-debug.log for more info.
